// Jest Snapshot v1, https://goo.gl/fbAQLP

exports[`should return html-code 1`] = `
<div
  className="mainroot"
>
  <div>
    <a
      href="index.html"
    >
      Aloitussivulle
    </a>
  </div>
</div>
`;
